// Jest Snapshot v1, https://goo.gl/fbAQLP

exports[`Popconfirm should render Popconfirm success render 1`] = `
<div
  class="ant-popover ant-popconfirm dtc-popconfirm"
  style="opacity: 0;"
>
  <div
    class="ant-popover-content"
  >
    <div
      class="ant-popover-arrow"
    >
      <span
        class="ant-popover-arrow-content"
      />
    </div>
    <div
      class="ant-popover-inner"
      role="tooltip"
    >
      <div
        class="ant-popover-inner-content"
      >
        <div
          class="ant-popover-message"
        >
          <span
            color="#1D78FF"
            data-mock-icon="InformationFilled"
          />
          <div
            class="ant-popover-message-title"
          >
            Are you sure?
          </div>
        </div>
        <div
          class="ant-popover-buttons"
        >
          <button
            class="ant-btn ant-btn-default ant-btn-sm"
            type="button"
          >
            <span>
              Cancel
            </span>
          </button>
          <button
            class="ant-btn ant-btn-primary ant-btn-sm"
            type="button"
          >
            <span>
              OK
            </span>
          </button>
        </div>
      </div>
    </div>
  </div>
</div>
`;
