// Jest Snapshot v1, https://goo.gl/fbAQLP

exports[`test Fullscreen should default render correctly 1`] = `
<div>
  <div
    class="dtc-fullscreen"
  >
    <span>
      <button
        class="ant-btn ant-btn-default dtc-button"
        type="button"
      >
        <span
          class="dtc-button__icon dtc-button__icon--middle"
        >
          <span
            data-mock-icon="FullscreenOutlined"
          />
        </span>
        <span
          class="dtc-button__text dtc-button__text--middle"
        >
          全屏
        </span>
      </button>
    </span>
  </div>
</div>
`;
