// Jest Snapshot v1, https://goo.gl/fbAQLP

exports[`test Drawer  snapshot match 1`] = `
{
  "asFragment": [Function],
  "baseElement": <body>
    <div />
    <div>
      <div
        class="dtc-drawer dtc-drawer-right dtc-drawer-open"
        tabindex="-1"
      >
        <div
          aria-hidden="true"
          data-sentinel="start"
          style="width: 0px; height: 0px; overflow: hidden; outline: none; position: absolute;"
          tabindex="0"
        />
        <div
          class="dtc-drawer-content-wrapper"
          style="width: 69.44444444444444%;"
        >
          <div
            aria-modal="true"
            class="dtc-drawer-content"
            role="dialog"
          >
            <img
              alt="closeBtn"
              class="dtc-drawer-icon"
              src="data:image/png;base64,iVBORw0KGgoAAAANSUhEUgAAABgAAABwCAYAAAAE0LDPAAAAAXNSR0IArs4c6QAAAnlJREFUaEPtmk9IVHEQx78jufpw7ykouuEaBG6dEmrXOmRRt476VgvyEngKlNqQMu3PoSU7iCBq4CW2olNdRMRr7HasnnZb0y57WGODzUDjt/RIonbeyzfQYd51h/m8+c7395u3MOSs5Xexr4dKRLt5AhYJtbPRaNO7velo/4Bf6YhoB8B0R3vzNSLaNr8ECnBRRLTc0d583kBEAJU3J5o6HG0ZkgTs1OBATAxgqqghTIoCiPBeFABQSRggZFOxg/anC0ElYq9JlUglYhVgA9RFKhGrABugLlKJWAXYAHWRSsQqwAaoi1QiVgE2gHVRejKDUKgWQ1cvmj/XbMLfA3jA42dwVvPo7+tBd/xo8ICNzQLG7y3AskIYvz2IcEO9LwhbgcmWebGCpeUcEvEYBvrOBg8ol7cxOjaP4lYJqZEkIm2NniGeKjDZ3mQ/YPbJa7S1NiI1YntuuGeAgTx8lMHqx3XYvWdwOnHMUxW+AJufC7hzdwH1VggTt64gHLZYiC+Ayfb85QoWl3KIn+jEpeS54AHlb98xOjaHYrGEG8M2DkWaqkJ8V2CyZd86mJl7hdaWg7h5PVm14f8EMJD0zxM+ePkCuo4f+WsV/ycgm3MwMy8k0d4mp4ZtRIJusmvTxMlODNgB21T8oLlXRbK3B6cS3maDZxeJXnbudb315Wvl9AZ+XbsDpzseQ3/QA+fTRgET9wVHpvmqcNbWK6PSjEy/D9vkB+mnaLDq5D5b/L6x7+8iBbBNVolUItYDKpFKxCrABqiLVCJWATZAXaQSsQqwAeoilYhVgA1QFzESCS8wia9giS6Rma1B0TU40UU+sVVEoWXK6uugPwBjVkdxauLcgwAAAABJRU5ErkJggg=="
            />
            <div
              class="ant-spin-nested-loading dtc-drawer-nested-loading"
            >
              <div
                class="ant-spin-container"
              >
                <div
                  class="dtc-drawer-body"
                >
                  Hello World
                </div>
              </div>
            </div>
          </div>
        </div>
        <div
          aria-hidden="true"
          data-sentinel="end"
          style="width: 0px; height: 0px; overflow: hidden; outline: none; position: absolute;"
          tabindex="0"
        />
      </div>
    </div>
  </body>,
  "container": <div />,
  "debug": [Function],
  "findAllByAltText": [Function],
  "findAllByDisplayValue": [Function],
  "findAllByLabelText": [Function],
  "findAllByPlaceholderText": [Function],
  "findAllByRole": [Function],
  "findAllByTestId": [Function],
  "findAllByText": [Function],
  "findAllByTitle": [Function],
  "findByAltText": [Function],
  "findByDisplayValue": [Function],
  "findByLabelText": [Function],
  "findByPlaceholderText": [Function],
  "findByRole": [Function],
  "findByTestId": [Function],
  "findByText": [Function],
  "findByTitle": [Function],
  "getAllByAltText": [Function],
  "getAllByDisplayValue": [Function],
  "getAllByLabelText": [Function],
  "getAllByPlaceholderText": [Function],
  "getAllByRole": [Function],
  "getAllByTestId": [Function],
  "getAllByText": [Function],
  "getAllByTitle": [Function],
  "getByAltText": [Function],
  "getByDisplayValue": [Function],
  "getByLabelText": [Function],
  "getByPlaceholderText": [Function],
  "getByRole": [Function],
  "getByTestId": [Function],
  "getByText": [Function],
  "getByTitle": [Function],
  "queryAllByAltText": [Function],
  "queryAllByDisplayValue": [Function],
  "queryAllByLabelText": [Function],
  "queryAllByPlaceholderText": [Function],
  "queryAllByRole": [Function],
  "queryAllByTestId": [Function],
  "queryAllByText": [Function],
  "queryAllByTitle": [Function],
  "queryByAltText": [Function],
  "queryByDisplayValue": [Function],
  "queryByLabelText": [Function],
  "queryByPlaceholderText": [Function],
  "queryByRole": [Function],
  "queryByTestId": [Function],
  "queryByText": [Function],
  "queryByTitle": [Function],
  "rerender": [Function],
  "unmount": [Function],
}
`;
