// Jest Snapshot v1, https://goo.gl/fbAQLP

exports[`Test Chat Button Match the snapshot: default button 1`] = `
<DocumentFragment>
  <button
    class="ant-btn ant-btn-default ant-btn-background-ghost dtc__aigc__button dtc__aigc__button--default"
    type="button"
  >
    <span
      class="dtc__aigc__button__text"
    >
      Default
    </span>
  </button>
</DocumentFragment>
`;

exports[`Test Chat Button Match the snapshot: primary button 1`] = `
<DocumentFragment>
  <button
    class="ant-btn ant-btn-default ant-btn-background-ghost dtc__aigc__button dtc__aigc__button--primary"
    type="button"
  >
    <span
      class="dtc__aigc__button__text"
    >
      Default
    </span>
  </button>
</DocumentFragment>
`;

exports[`Test Chat Button Match the snapshot: secondary button 1`] = `
<DocumentFragment>
  <button
    class="ant-btn ant-btn-default ant-btn-background-ghost dtc__aigc__button dtc__aigc__button--secondary"
    type="button"
  >
    <span
      class="dtc__aigc__button__text"
    >
      Default
    </span>
  </button>
</DocumentFragment>
`;

exports[`Test Chat Button expect ONLY one global gradient div: global gradient 1`] = `"<svg width="0" height="0"><defs><linearGradient id="secondary_linear_gradient" x1="0" y1="0.2" x2="0.9" y2="0.5"><stop stop-color="#00BAC6"></stop><stop offset="0.5" stop-color="#0067FF"></stop><stop offset="1" stop-color="#450FDE"></stop></linearGradient><linearGradient id="secondary_linear_gradient_hover" x1="0.5" y1="0" x2="1" y2="0.2"><stop stop-color="#00BAC6"></stop><stop offset="0.5" stop-color="#0067FF"></stop><stop offset="1" stop-color="#450FDE"></stop></linearGradient></defs></svg>"`;
